// Jest Snapshot v1, https://goo.gl/fbAQLP

exports[`Icon icon type 1`] = `
<svg class="g-icon">
  <use xlink:href="#icon-download" aria-hidden="true"></use>
</svg>
`;
